Cloning into 'optimizer-autopsy'...
     ━━━━━━━━━━━━━━━━━━━━━━━━━━━━━━━━━━━━━━━━ 57.6/57.6 kB 2.0 MB/s eta 0:00:00
   ━━━━━━━━━━━━━━━━━━━━━━━━━━━━━━━━━━━━━━━━ 725.0/725.0 kB 27.5 MB/s eta 0:00:00
   ━━━━━━━━━━━━━━━━━━━━━━━━━━━━━━━━━━━━━━━━ 78.3/78.3 kB 4.3 MB/s eta 0:00:00
ERROR: pip's dependency resolver does not currently take into account all the packages that are installed. This behaviour is the source of the following dependency conflicts.
google-adk 1.29.0 requires google-cloud-bigquery-storage>=2.0.0, which is not installed.
ydata-profiling 4.18.4 requires PyYAML<6.1,>=6.0.3, but you have pyyaml 6.0.1 which is incompatible.
dopamine-rl 4.1.2 requires gym<=0.25.2, but you have gym 0.26.2 which is incompatible.
moviepy 1.0.3 requires decorator<5.0,>=4.0.2, but you have decorator 5.3.1 which is incompatible.
tobler 0.14.0 requires tqdm>=4.67, but you have tqdm 4.66.4 which is incompatible.
dataproc-spark-connect 1.1.0 requires tqdm>=4.67, but you have tqdm 4.66.4 which is incompatible.
google-adk 1.29.0 requires PyYAML<7.0.0,>=6.0.2, but you have pyyaml 6.0.1 which is incompatible.
KERNEL GPU: Tesla T4
KERNEL cuda_available: True
GPU: Tesla T4
capability: (7, 5)
cuda_available: True
proxy shapes: n_layer=3 n_head=6 n_embd=192 block=256 batch=16 (warmup=10, gate_steps=15)
fork determinism GATE OK on cuda: 15 steps, noop-vs-noop max|Δ|=0
PROXY FORK GATE OK on cuda: noop-vs-noop max|Δ|=0 at proxy shapes
/usr/local/lib/python3.12/dist-packages/mistune.py:435: SyntaxWarning: invalid escape sequence '\|'
  cells[i][c] = re.sub('\\\\\|', '|', cell)
/usr/local/lib/python3.12/dist-packages/nbconvert/filters/filter_links.py:36: SyntaxWarning: invalid escape sequence '\_'
  text = re.sub(r'_', '\_', text) # Escape underscores in display text
[NbConvertApp] Converting notebook __script__.ipynb to html
[NbConvertApp] Writing 276135 bytes to __results__.html
